../Core/Src/lcd16x2.c:118:13:lcd16x2_enablePulse	8	static
../Core/Src/lcd16x2.c:129:13:lcd16x2_rs	16	static
../Core/Src/lcd16x2.c:137:13:lcd16x2_write	32	static
../Core/Src/lcd16x2.c:174:13:lcd16x2_writeCommand	16	static
../Core/Src/lcd16x2.c:183:13:lcd16x2_writeData	16	static
../Core/Src/lcd16x2.c:192:13:lcd16x2_write4	16	static
../Core/Src/lcd16x2.c:213:6:lcd16x2_init_8bits	32	static
../Core/Src/lcd16x2.c:260:6:lcd16x2_init_4bits	32	static
../Core/Src/lcd16x2.c:303:6:lcd16x2_setCursor	24	static
../Core/Src/lcd16x2.c:321:6:lcd16x2_1stLine	8	static
../Core/Src/lcd16x2.c:328:6:lcd16x2_2ndLine	8	static
../Core/Src/lcd16x2.c:336:6:lcd16x2_twoLines	8	static
../Core/Src/lcd16x2.c:341:6:lcd16x2_oneLine	8	static
../Core/Src/lcd16x2.c:350:6:lcd16x2_cursorShow	16	static
../Core/Src/lcd16x2.c:367:6:lcd16x2_clear	8	static
../Core/Src/lcd16x2.c:376:6:lcd16x2_display	16	static
../Core/Src/lcd16x2.c:393:6:lcd16x2_shiftRight	24	static
../Core/Src/lcd16x2.c:404:6:lcd16x2_shiftLeft	24	static
../Core/Src/lcd16x2.c:415:6:lcd16x2_printf	48	static
